// Jest Snapshot v1, https://goo.gl/fbAQLP

exports[`ListUser component matches snapshot 1`] = `ShallowWrapper {}`;
