// Jest Snapshot v1, https://goo.gl/fbAQLP

exports[`UserCard component renders correctly 1`] = `ShallowWrapper {}`;
